[e-wallet360.com/index.html]
[backblue.gif]
[fade.gif]
[index.html]
[cdnjs.cloudflare.com/ajax/libs/OwlCarousel2/2.3.4/assets/owl.carousel.min.css]
[e-wallet360.com/assets/temp/uploads/clock.png]
[e-wallet360.com/assets/temp/uploads/operator.png]
[e-wallet360.com/assets/temp/images/logo.png]
[e-wallet360.com/about.html]
[e-wallet360.com/faq.html]
[e-wallet360.com/tutorial.html]
[e-wallet360.com/index058e.html]
[e-wallet360.com/home/paymentproff.html]
[e-wallet360.com/contact.html]
[e-wallet360.com/login.html]
[e-wallet360.com/regirter.html]
[e-wallet360.com/assets/temp/images/arrow-up.png]
[e-wallet360.com/assets/temp/images/arrow-down.png]
[e-wallet360.com/assets/temp/img/gicon/1519404111_icon1.png]
[e-wallet360.com/assets/temp/img/gicon/Screenshot_11.png]
[e-wallet360.com/assets/temp/img/gicon/512x512bb1.jpg]
[e-wallet360.com/assets/temp/img/gicon/kisspng-skrill-digital-wallet-neteller-e-commerce-payment-skrill-5b3833a2e41416_32372004153040989093421.jpg]
[e-wallet360.com/assets/temp/img/gicon/allinco_02241.png]
[e-wallet360.com/assets/temp/img/gicon/allinco_02243.png]
[e-wallet360.com/assets/temp/img/gicon/allinco_0611.png]
[e-wallet360.com/assets/temp/img/gicon/5b28dbe766917.png]
[e-wallet360.com/assets/temp/img/gicon/unnamed.png]
[e-wallet360.com/assets/temp/img/gicon/webmoney.png]
[e-wallet360.com/assets/temp/img/gicon/1563278399_icon.png]
[e-wallet360.com/home/allfeedback.html]
[e-wallet360.com/termsofservices.html]
[e-wallet360.com/privacypolicy.html]
[ajax.googleapis.com/ajax/libs/jquery/3.4.1/jquery.min.js]
[cdnjs.cloudflare.com/ajax/libs/popper.js/1.14.7/umd/popper.min.js]
[stackpath.bootstrapcdn.com/bootstrap/4.3.1/js/bootstrap.min.js]
[cdnjs.cloudflare.com/ajax/libs/limonte-sweetalert2/8.11.8/sweetalert2.all.js]
[cdnjs.cloudflare.com/ajax/libs/OwlCarousel2/2.3.4/owl.carousel.js]
[e-wallet360.com/assets/temp/js/vue/vue.js]
[unpkg.com/vue-multiselect@2.1.0/dist/vue-multiselect.min.css]
[e-wallet360.com/assets/temp/js/vue/vuebit.js]
[e-wallet360.com/assets/temp/js/custom.js]
[e-wallet360.com/index.html]
[e-wallet360.com/temp/images/logo.html]
[e-wallet360.com/assets/temp/styles/styles.css]
[cdnjs.cloudflare.com/ajax/libs/OwlCarousel2/2.3.4/assets/owl.video.play.png]
[cdnjs.cloudflare.com/ajax/libs/OwlCarousel2/2.3.4/assets/owl.carousel.min.css]
[e-wallet360.com/about.html]
[e-wallet360.com/faq.html]
[e-wallet360.com/tutorial.html]
[e-wallet360.com/index058e.html]
[e-wallet360.com/home/paymentproff.html]
[e-wallet360.com/contact.html]
[e-wallet360.com/forgerpassword.html]
[code.jquery.com/jquery-3.3.1.min.js]
[e-wallet360.com/assets/temp/js/vue/vuecom/loginregister.js]
[e-wallet360.com/login.html]
[e-wallet360.com/home/login.html]
[e-wallet360.com/regirter.html]
[e-wallet360.com/assets/temp/avatar-placeholder.svg]
[e-wallet360.com/home/index.html]
[e-wallet360.com/home/allfeedback/10.html]
[e-wallet360.com/home/allfeedback/20.html]
[e-wallet360.com/home/allfeedback.html]
[e-wallet360.com/assets/temp/svgicon/like.svg]
[e-wallet360.com/assets/temp/svgicon/verify.svg]
[e-wallet360.com/termsofservices.html]
[e-wallet360.com/privacypolicy.html]
[e-wallet360.com/assets/temp/svgicon/facebook.svg]
[e-wallet360.com/assets/temp/svgicon/tw.svg]
[e-wallet360.com/linkedin.html]
[e-wallet360.com/assets/temp/svgicon/in.svg]
[e-wallet360.com/youtube.html]
[e-wallet360.com/assets/temp/svgicon/yo.svg]
[unpkg.com/vue-multiselect@2.1.0/dist/vue-multiselect.min.css]
[e-wallet360.com/home/twtter.html]
[e-wallet360.com/home/linkedin.html]
[e-wallet360.com/home/youtube.html]
[e-wallet360.com/forgerpassword.html]
[e-wallet360.com/home/index.html]
[e-wallet360.com/home/login.html]
[e-wallet360.com/home/allfeedback/twtter.html]
[e-wallet360.com/home/allfeedback/linkedin.html]
[e-wallet360.com/home/allfeedback/youtube.html]
[e-wallet360.com/home/allfeedback/10.html]
[e-wallet360.com/home/allfeedback/20.html]
[e-wallet360.com/assets/temp/svgicon/circle.svg]
[e-wallet360.com/assets/temp/svgicon/smot.svg]
[e-wallet360.com/twtter]
[e-wallet360.com/home/allfeedback/twtter.html]
[e-wallet360.com/home/allfeedback/linkedin.html]
[e-wallet360.com/home/allfeedback/youtube.html]
